---
version: 1
interactions:
- request:
    body: ""
    form: {}
    headers:
      User-Agent:
      - scaleway-sdk-go/v1.0.0-beta.7+dev (go1.19.1; linux; amd64)
    url: https://api.scaleway.com/marketplace/v2/local-images?image_label=ubuntu_focal&order_by=created_at_asc&zone=fr-par-1
    method: GET
  response:
    body: '{"local_images":[{"id":"d318f34b-1044-482a-afe3-1be349690a13","arch":"x86_64","zone":"fr-par-1","compatible_commercial_types":["DEV1-L","DEV1-M","DEV1-S","DEV1-XL","ENT1-2XL","ENT1-L","ENT1-M","ENT1-S","ENT1-XL","ENT1-XS","ENT1-XXS","GP1-L","GP1-M","GP1-S","GP1-VIZ","GP1-XL","GP1-XS","PLAY2-MICRO","PLAY2-NANO","PLAY2-PICO","PRO2-L","PRO2-M","PRO2-S","PRO2-XS","PRO2-XXS","RENDER-S","STARDUST1-S","START1-L","START1-M","START1-S","START1-XS","VC1L","VC1M","VC1S","X64-120GB","X64-15GB","X64-30GB","X64-60GB"],"label":"ubuntu_focal"}],"total_count":1}'
    headers:
      Content-Length:
      - "551"
      Content-Security-Policy:
      - default-src 'none'; frame-ancestors 'none'
      Content-Type:
      - application/json
      Date:
      - Thu, 26 Jan 2023 12:52:58 GMT
      Server:
      - Scaleway API-Gateway
      Strict-Transport-Security:
      - max-age=63072000
      X-Content-Type-Options:
      - nosniff
      X-Frame-Options:
      - DENY
      X-Request-Id:
      - 35ae74e7-eef4-4fff-ad37-c5a8f8cd609b
    status: 200 OK
    code: 200
    duration: ""
- request:
    body: ""
    form: {}
    headers:
      User-Agent:
      - scaleway-sdk-go/v1.0.0-beta.7+dev (go1.19.1; linux; amd64)
    url: https://api.scaleway.com/marketplace/v2/local-images?image_label=ubuntu_focal&order_by=created_at_asc&zone=fr-par-1
    method: GET
  response:
    body: '{"local_images":[{"id":"d318f34b-1044-482a-afe3-1be349690a13","arch":"x86_64","zone":"fr-par-1","compatible_commercial_types":["DEV1-L","DEV1-M","DEV1-S","DEV1-XL","ENT1-2XL","ENT1-L","ENT1-M","ENT1-S","ENT1-XL","ENT1-XS","ENT1-XXS","GP1-L","GP1-M","GP1-S","GP1-VIZ","GP1-XL","GP1-XS","PLAY2-MICRO","PLAY2-NANO","PLAY2-PICO","PRO2-L","PRO2-M","PRO2-S","PRO2-XS","PRO2-XXS","RENDER-S","STARDUST1-S","START1-L","START1-M","START1-S","START1-XS","VC1L","VC1M","VC1S","X64-120GB","X64-15GB","X64-30GB","X64-60GB"],"label":"ubuntu_focal"}],"total_count":1}'
    headers:
      Content-Length:
      - "551"
      Content-Security-Policy:
      - default-src 'none'; frame-ancestors 'none'
      Content-Type:
      - application/json
      Date:
      - Thu, 26 Jan 2023 12:52:58 GMT
      Server:
      - Scaleway API-Gateway
      Strict-Transport-Security:
      - max-age=63072000
      X-Content-Type-Options:
      - nosniff
      X-Frame-Options:
      - DENY
      X-Request-Id:
      - 2e7be12b-4f68-49b3-b7be-b0a16a2c8ae1
    status: 200 OK
    code: 200
    duration: ""
- request:
    body: ""
    form: {}
    headers:
      User-Agent:
      - scaleway-sdk-go/v1.0.0-beta.7+dev (go1.19.1; linux; amd64)
    url: https://api.scaleway.com/marketplace/v2/local-images?image_label=foo-bar-image&order_by=created_at_asc&zone=fr-par-1
    method: GET
  response:
    body: '{"message":"Not found","resource":"MarketplaceImage","resource_id":"foo-bar-image","type":"not_found"}'
    headers:
      Content-Length:
      - "102"
      Content-Security-Policy:
      - default-src 'none'; frame-ancestors 'none'
      Content-Type:
      - application/json
      Date:
      - Thu, 26 Jan 2023 12:52:58 GMT
      Server:
      - Scaleway API-Gateway
      Strict-Transport-Security:
      - max-age=63072000
      X-Content-Type-Options:
      - nosniff
      X-Frame-Options:
      - DENY
      X-Request-Id:
      - b6536148-5866-4abd-b90b-3916efb8a07e
    status: 404 Not Found
    code: 404
    duration: ""
